// Jest Snapshot v1, https://goo.gl/fbAQLP

exports[`Pruebas en el AppRouter Debe de mostrar el componente LoginScreen si el usuario no esta logueado 1`] = `
<div
  className="container mt-5"
>
  <h1>
    Login Screen
  </h1>
  <hr />
  <button
    className="btn btn-primary"
    onClick={[Function]}
  >
    Login
  </button>
</div>
`;

exports[`Pruebas en el AppRouter Se debe de mostrar el componente de Marvel si el usuario esta logueado 1`] = `
Array [
  <nav
    className="navbar navbar-expand-sm navbar-dark bg-dark"
  >
    <a
      className="navbar-brand"
      href="/"
      onClick={[Function]}
    >
      Asociaciones
    </a>
    <div
      className="navbar-collapse"
    >
      <div
        className="navbar-nav"
      >
        <a
          className="nav-item nav-link"
          href="/marvel"
          onClick={[Function]}
        >
          Marvel
        </a>
        <a
          className="nav-item nav-link"
          href="/dc"
          onClick={[Function]}
        >
          DC
        </a>
        <a
          className="nav-item nav-link"
          href="/search"
          onClick={[Function]}
        >
          Search
        </a>
      </div>
    </div>
    <div
      className="navbar-collapse collapse w-100 order-3 dual-collapse2 d-flex justify-content-end"
    >
      <ul
        className="navbar-nav ml-auto"
      >
        <span
          className="nav-link nav-item text-info"
        >
          Haron Acosta
        </span>
        <button
          className="btn nav-item nav-link"
          onClick={[Function]}
        >
          Logout
        </button>
      </ul>
    </div>
  </nav>,
  <div
    className="container"
  >
    <div>
      <h1>
        Marvel Screen
      </h1>
      Array [
        <h2>
          Hero List
        </h2>,
        <p
          className="text-warning"
        >
          Publisher: 
          Marvel Comics
        </p>,
        <div
          className="row row-cols-1 row-cols-md-2 g-4 animate__animated animate__fadeIn"
        >
          <div
            className="col animate__animated animate__fadeIn"
          >
            <div
              className="card"
            >
              <div
                className="row g-4"
              >
                <div
                  className="col-4"
                >
                  <img
                    alt="Spider Man"
                    className="card-img-top"
                    src="/assets/heroes/marvel-spider.jpg"
                  />
                </div>
                <div
                  className="col-8"
                >
                  <div
                    className="card-title"
                  >
                    Spider Man
                  </div>
                  <p
                    className="card-text"
                  >
                    Peter Parker
                  </p>
                  <p
                    className="card-text"
                  >
                    Amazing Fantasy #15
                  </p>
                  <a
                    className="pl-4 btn btn-outline-success"
                    href="/hero/marvel-spider"
                    onClick={[Function]}
                  >
                    Más info
                  </a>
                </div>
              </div>
            </div>
          </div>
          <div
            className="col animate__animated animate__fadeIn"
          >
            <div
              className="card"
            >
              <div
                className="row g-4"
              >
                <div
                  className="col-4"
                >
                  <img
                    alt="Captain America"
                    className="card-img-top"
                    src="/assets/heroes/marvel-captain.jpg"
                  />
                </div>
                <div
                  className="col-8"
                >
                  <div
                    className="card-title"
                  >
                    Captain America
                  </div>
                  <p
                    className="card-text"
                  >
                    Steve Rogers
                  </p>
                  <p
                    className="card-text"
                  >
                    Captain America Comics #1
                  </p>
                  <a
                    className="pl-4 btn btn-outline-success"
                    href="/hero/marvel-captain"
                    onClick={[Function]}
                  >
                    Más info
                  </a>
                </div>
              </div>
            </div>
          </div>
          <div
            className="col animate__animated animate__fadeIn"
          >
            <div
              className="card"
            >
              <div
                className="row g-4"
              >
                <div
                  className="col-4"
                >
                  <img
                    alt="Iron Man"
                    className="card-img-top"
                    src="/assets/heroes/marvel-iron.jpg"
                  />
                </div>
                <div
                  className="col-8"
                >
                  <div
                    className="card-title"
                  >
                    Iron Man
                  </div>
                  <p
                    className="card-text"
                  >
                    Tony Stark
                  </p>
                  <p
                    className="card-text"
                  >
                    Tales of Suspense #39
                  </p>
                  <a
                    className="pl-4 btn btn-outline-success"
                    href="/hero/marvel-iron"
                    onClick={[Function]}
                  >
                    Más info
                  </a>
                </div>
              </div>
            </div>
          </div>
          <div
            className="col animate__animated animate__fadeIn"
          >
            <div
              className="card"
            >
              <div
                className="row g-4"
              >
                <div
                  className="col-4"
                >
                  <img
                    alt="Thor"
                    className="card-img-top"
                    src="/assets/heroes/marvel-thor.jpg"
                  />
                </div>
                <div
                  className="col-8"
                >
                  <div
                    className="card-title"
                  >
                    Thor
                  </div>
                  <p
                    className="card-text"
                  >
                    Thor Odinson
                  </p>
                  <p
                    className="card-text"
                  >
                    Journey into Myster #83
                  </p>
                  <a
                    className="pl-4 btn btn-outline-success"
                    href="/hero/marvel-thor"
                    onClick={[Function]}
                  >
                    Más info
                  </a>
                </div>
              </div>
            </div>
          </div>
          <div
            className="col animate__animated animate__fadeIn"
          >
            <div
              className="card"
            >
              <div
                className="row g-4"
              >
                <div
                  className="col-4"
                >
                  <img
                    alt="Hulk"
                    className="card-img-top"
                    src="/assets/heroes/marvel-hulk.jpg"
                  />
                </div>
                <div
                  className="col-8"
                >
                  <div
                    className="card-title"
                  >
                    Hulk
                  </div>
                  <p
                    className="card-text"
                  >
                    Bruce Banner
                  </p>
                  <p
                    className="card-text"
                  >
                    The Incredible Hulk #1
                  </p>
                  <a
                    className="pl-4 btn btn-outline-success"
                    href="/hero/marvel-hulk"
                    onClick={[Function]}
                  >
                    Más info
                  </a>
                </div>
              </div>
            </div>
          </div>
          <div
            className="col animate__animated animate__fadeIn"
          >
            <div
              className="card"
            >
              <div
                className="row g-4"
              >
                <div
                  className="col-4"
                >
                  <img
                    alt="Wolverine"
                    className="card-img-top"
                    src="/assets/heroes/marvel-wolverine.jpg"
                  />
                </div>
                <div
                  className="col-8"
                >
                  <div
                    className="card-title"
                  >
                    Wolverine
                  </div>
                  <p
                    className="card-text"
                  >
                    James Howlett
                  </p>
                  <p
                    className="card-text"
                  >
                    The Incredible Hulk #180
                  </p>
                  <a
                    className="pl-4 btn btn-outline-success"
                    href="/hero/marvel-wolverine"
                    onClick={[Function]}
                  >
                    Más info
                  </a>
                </div>
              </div>
            </div>
          </div>
          <div
            className="col animate__animated animate__fadeIn"
          >
            <div
              className="card"
            >
              <div
                className="row g-4"
              >
                <div
                  className="col-4"
                >
                  <img
                    alt="Daredevil"
                    className="card-img-top"
                    src="/assets/heroes/marvel-daredevil.jpg"
                  />
                </div>
                <div
                  className="col-8"
                >
                  <div
                    className="card-title"
                  >
                    Daredevil
                  </div>
                  <p
                    className="card-text"
                  >
                    Matthew Michael Murdock
                  </p>
                  <p
                    className="card-text"
                  >
                    Daredevil #1
                  </p>
                  <a
                    className="pl-4 btn btn-outline-success"
                    href="/hero/marvel-daredevil"
                    onClick={[Function]}
                  >
                    Más info
                  </a>
                </div>
              </div>
            </div>
          </div>
          <div
            className="col animate__animated animate__fadeIn"
          >
            <div
              className="card"
            >
              <div
                className="row g-4"
              >
                <div
                  className="col-4"
                >
                  <img
                    alt="Hawkeye"
                    className="card-img-top"
                    src="/assets/heroes/marvel-hawkeye.jpg"
                  />
                </div>
                <div
                  className="col-8"
                >
                  <div
                    className="card-title"
                  >
                    Hawkeye
                  </div>
                  <p
                    className="card-text"
                  >
                    Clinton Francis Barton
                  </p>
                  <p
                    className="card-text"
                  >
                    Tales of Suspense #57
                  </p>
                  <a
                    className="pl-4 btn btn-outline-success"
                    href="/hero/marvel-hawkeye"
                    onClick={[Function]}
                  >
                    Más info
                  </a>
                </div>
              </div>
            </div>
          </div>
          <div
            className="col animate__animated animate__fadeIn"
          >
            <div
              className="card"
            >
              <div
                className="row g-4"
              >
                <div
                  className="col-4"
                >
                  <img
                    alt="Cyclops"
                    className="card-img-top"
                    src="/assets/heroes/marvel-cyclops.jpg"
                  />
                </div>
                <div
                  className="col-8"
                >
                  <div
                    className="card-title"
                  >
                    Cyclops
                  </div>
                  <p
                    className="card-text"
                  >
                    Scott Summers
                  </p>
                  <p
                    className="card-text"
                  >
                    X-Men #1
                  </p>
                  <a
                    className="pl-4 btn btn-outline-success"
                    href="/hero/marvel-cyclops"
                    onClick={[Function]}
                  >
                    Más info
                  </a>
                </div>
              </div>
            </div>
          </div>
          <div
            className="col animate__animated animate__fadeIn"
          >
            <div
              className="card"
            >
              <div
                className="row g-4"
              >
                <div
                  className="col-4"
                >
                  <img
                    alt="Silver Surfer"
                    className="card-img-top"
                    src="/assets/heroes/marvel-silver.jpg"
                  />
                </div>
                <div
                  className="col-8"
                >
                  <div
                    className="card-title"
                  >
                    Silver Surfer
                  </div>
                  <p
                    className="card-text"
                  >
                    Norrin Radd
                  </p>
                  <p
                    className="card-text"
                  >
                    The Fantastic Four #48
                  </p>
                  <a
                    className="pl-4 btn btn-outline-success"
                    href="/hero/marvel-silver"
                    onClick={[Function]}
                  >
                    Más info
                  </a>
                </div>
              </div>
            </div>
          </div>
        </div>,
      ]
    </div>
  </div>,
]
`;
