// Jest Snapshot v1, https://goo.gl/fbAQLP

exports[`Pruebas basicas en CounterApp Mostrar <CounterApp /> y su valor por defecto debe de ser 100 1`] = `
<Fragment>
  <h1>
    CounterApp
  </h1>
  <h2>
    100
  </h2>
  <button
    onClick={[Function]}
  >
    +1
  </button>
  <button
    onClick={[Function]}
  >
    Reset
  </button>
  <button
    onClick={[Function]}
  >
    -1
  </button>
</Fragment>
`;

exports[`Pruebas basicas en CounterApp Mostrar <CounterApp /> y sus valores por defecto 1`] = `
<Fragment>
  <h1>
    CounterApp
  </h1>
  <h2>
    10
  </h2>
  <button
    onClick={[Function]}
  >
    +1
  </button>
  <button
    onClick={[Function]}
  >
    Reset
  </button>
  <button
    onClick={[Function]}
  >
    -1
  </button>
</Fragment>
`;
