// Jest Snapshot v1, https://goo.gl/fbAQLP

exports[`Pruebas en el componente GifGridItem Prueba del componente, traer el componente correctamente 1`] = `
<div
  className="card animate__animated animate__fadeIn animate__delay-1s"
>
  <img
    alt="Titulo de prueba"
    src="https://media.giphy.com/media/Js7k1D3Jenq3MUp65Z/giphy.gif"
  />
  <p>
    Titulo de prueba
  </p>
</div>
`;
